PS C:\Users\n> cd "C:\git_challenge"
PS C:\git_challenge> git add hello_worls.txt
fatal: pathspec 'hello_worls.txt' did not match any files
PS C:\git_challenge> git add hello_world.txt
PS C:\git_challenge> git commit -m "hello_world.txtを追加"
[main 30100ff] hello_world.txt繧定ｿｽ蜉
 1 file changed, 1 insertion(+), 2 deletions(-)
PS C:\git_challenge> git add hello_world.txt
PS C:\git_challenge> git commit -m "日本語訳
を追記"
[main 7b89262] 譌･譛ｬ隱櫁ｨｳ繧定ｿｽ險
 1 file changed, 2 insertions(+), 1 deletion(-)
PS C:\git_challenge> git log --oneline
7b89262 (HEAD -> main) 日本語訳を追記
30100ff hello_world.txtを追加
41c5b3e こんにちは、世界！を追加
07056de hello_world.txtを追加
781c8cc 日本語訳を追記
9f0bd9e hello_world.txtを追加