PS C:\Users\n> cd "C:\git_challenge"
PS C:\git_challenge> git init
Initialized empty Git repository in C:/git_challenge/.git/
PS C:\git_challenge> git add hello_world.txt
PS C:\git_challenge> git commit -m "hello_world.txtを追加"
[main (root-commit) eaed47e] hello_world.txt繧定ｿｽ蜉
 1 file changed, 2 insertions(+)
 create mode 100644 hello_world.txt
PS C:\git_challenge> git add hello_world.txt
PS C:\git_challenge> git commit -m "日本語訳を追記"
[main 781c8cc] 譌･譛ｬ隱櫁ｨｳ繧定ｿｽ險
 1 file changed, 2 insertions(+), 1 deletion(-) 
PS C:\git_challenge> git log --oneline
781c8cc (HEAD -> main) 日本語訳を追記
9f0bd9e hello_world.txtを追加
PS C:\git_challenge> 